exports[`Controls should create an instance of a card container 1`] = `
ShallowWrapper {
  "length": 1,
  Symbol(enzyme.__root__): [Circular],
  Symbol(enzyme.__unrendered__): <Controls
    changeData={[Function]}
    fileList={
        Array [
            "districtData",
          ]
    }
    searchDistricts={[Function]} />,
  Symbol(enzyme.__renderer__): Object {
    "batchedUpdates": [Function],
    "getNode": [Function],
    "render": [Function],
    "simulateEvent": [Function],
    "unmount": [Function],
  },
  Symbol(enzyme.__node__): Object {
    "instance": null,
    "key": null,
    "nodeType": "host",
    "props": Object {
      "children": Array [
        <h1>
          Headcount 
          <strong>
                    2.0
          </strong>
</h1>,
        <select
          onChange={[Function]}
          value="">
          <option
                    value="">
                    Select a Dataset
          </option>
          <DatasetButton
                    dataSet="districtData" />
</select>,
        <input
          className="search-input"
          onChange={[Function]}
          placeholder="Search Districts"
          value="" />,
      ],
      "className": "header",
    },
    "ref": null,
    "rendered": Array [
      Object {
        "instance": null,
        "key": null,
        "nodeType": "host",
        "props": Object {
          "children": Array [
            "Headcount ",
            <strong>
              2.0
</strong>,
          ],
        },
        "ref": null,
        "rendered": Array [
          "Headcount ",
          Object {
            "instance": null,
            "key": null,
            "nodeType": "host",
            "props": Object {
              "children": "2.0",
            },
            "ref": null,
            "rendered": "2.0",
            "type": "strong",
          },
        ],
        "type": "h1",
      },
      Object {
        "instance": null,
        "key": null,
        "nodeType": "host",
        "props": Object {
          "children": Array [
            <option
              value="">
              Select a Dataset
</option>,
            Array [
              <DatasetButton
                dataSet="districtData" />,
            ],
          ],
          "onChange": [Function],
          "value": "",
        },
        "ref": null,
        "rendered": Array [
          Object {
            "instance": null,
            "key": null,
            "nodeType": "host",
            "props": Object {
              "children": "Select a Dataset",
              "value": "",
            },
            "ref": null,
            "rendered": "Select a Dataset",
            "type": "option",
          },
          Object {
            "instance": null,
            "key": "districtData",
            "nodeType": "function",
            "props": Object {
              "dataSet": "districtData",
            },
            "ref": null,
            "rendered": null,
            "type": [Function],
          },
        ],
        "type": "select",
      },
      Object {
        "instance": null,
        "key": null,
        "nodeType": "host",
        "props": Object {
          "className": "search-input",
          "onChange": [Function],
          "placeholder": "Search Districts",
          "value": "",
        },
        "ref": null,
        "rendered": null,
        "type": "input",
      },
    ],
    "type": "div",
  },
  Symbol(enzyme.__nodes__): Array [
    Object {
      "instance": null,
      "key": null,
      "nodeType": "host",
      "props": Object {
        "children": Array [
          <h1>
            Headcount 
            <strong>
                        2.0
            </strong>
</h1>,
          <select
            onChange={[Function]}
            value="">
            <option
                        value="">
                        Select a Dataset
            </option>
            <DatasetButton
                        dataSet="districtData" />
</select>,
          <input
            className="search-input"
            onChange={[Function]}
            placeholder="Search Districts"
            value="" />,
        ],
        "className": "header",
      },
      "ref": null,
      "rendered": Array [
        Object {
          "instance": null,
          "key": null,
          "nodeType": "host",
          "props": Object {
            "children": Array [
              "Headcount ",
              <strong>
                2.0
</strong>,
            ],
          },
          "ref": null,
          "rendered": Array [
            "Headcount ",
            Object {
              "instance": null,
              "key": null,
              "nodeType": "host",
              "props": Object {
                "children": "2.0",
              },
              "ref": null,
              "rendered": "2.0",
              "type": "strong",
            },
          ],
          "type": "h1",
        },
        Object {
          "instance": null,
          "key": null,
          "nodeType": "host",
          "props": Object {
            "children": Array [
              <option
                value="">
                Select a Dataset
</option>,
              Array [
                <DatasetButton
                  dataSet="districtData" />,
              ],
            ],
            "onChange": [Function],
            "value": "",
          },
          "ref": null,
          "rendered": Array [
            Object {
              "instance": null,
              "key": null,
              "nodeType": "host",
              "props": Object {
                "children": "Select a Dataset",
                "value": "",
              },
              "ref": null,
              "rendered": "Select a Dataset",
              "type": "option",
            },
            Object {
              "instance": null,
              "key": "districtData",
              "nodeType": "function",
              "props": Object {
                "dataSet": "districtData",
              },
              "ref": null,
              "rendered": null,
              "type": [Function],
            },
          ],
          "type": "select",
        },
        Object {
          "instance": null,
          "key": null,
          "nodeType": "host",
          "props": Object {
            "className": "search-input",
            "onChange": [Function],
            "placeholder": "Search Districts",
            "value": "",
          },
          "ref": null,
          "rendered": null,
          "type": "input",
        },
      ],
      "type": "div",
    },
  ],
  Symbol(enzyme.__options__): Object {
    "adapter": ReactFifteenAdapter {
      "options": Object {
        "supportPrevContextArgumentOfComponentDidUpdate": true,
      },
    },
  },
}
`;
